d:\source\homework\arkanoid\arkanoid\x64\debug\vc143.pdb
d:\source\homework\arkanoid\arkanoid\x64\debug\vc143.idb
d:\source\homework\arkanoid\arkanoid\x64\debug\ui.obj
d:\source\homework\arkanoid\arkanoid\x64\debug\sound.obj
d:\source\homework\arkanoid\arkanoid\x64\debug\settingsstate.obj
d:\source\homework\arkanoid\arkanoid\x64\debug\playingstate.obj
d:\source\homework\arkanoid\arkanoid\x64\debug\pausestate.obj
d:\source\homework\arkanoid\arkanoid\x64\debug\paddle.obj
d:\source\homework\arkanoid\arkanoid\x64\debug\menu.obj
d:\source\homework\arkanoid\arkanoid\x64\debug\math.obj
d:\source\homework\arkanoid\arkanoid\x64\debug\mainmenustate.obj
d:\source\homework\arkanoid\arkanoid\x64\debug\leaderboardstate.obj
d:\source\homework\arkanoid\arkanoid\x64\debug\gameoverstate.obj
d:\source\homework\arkanoid\arkanoid\x64\debug\gamemain.obj
d:\source\homework\arkanoid\arkanoid\x64\debug\brick.obj
d:\source\homework\arkanoid\arkanoid\x64\debug\ball.obj
d:\source\homework\arkanoid\arkanoid\x64\debug\arkanoidgame.obj
d:\source\homework\arkanoid\arkanoid\x64\debug\application.obj
d:\source\homework\arkanoid\arkanoid\x64\debug\winstate.obj
d:\source\homework\arkanoid\x64\debug\arkanoid.exe
d:\source\homework\arkanoid\x64\debug\arkanoid.pdb
d:\source\homework\arkanoid\arkanoid\x64\debug\arkanoid.ilk
d:\source\homework\arkanoid\arkanoid\x64\debug\arkanoid.tlog\cl.command.1.tlog
d:\source\homework\arkanoid\arkanoid\x64\debug\arkanoid.tlog\cl.items.tlog
d:\source\homework\arkanoid\arkanoid\x64\debug\arkanoid.tlog\cl.read.1.tlog
d:\source\homework\arkanoid\arkanoid\x64\debug\arkanoid.tlog\cl.write.1.tlog
d:\source\homework\arkanoid\arkanoid\x64\debug\arkanoid.tlog\link.command.1.tlog
d:\source\homework\arkanoid\arkanoid\x64\debug\arkanoid.tlog\link.read.1.tlog
d:\source\homework\arkanoid\arkanoid\x64\debug\arkanoid.tlog\link.secondary.1.tlog
d:\source\homework\arkanoid\arkanoid\x64\debug\arkanoid.tlog\link.write.1.tlog
